[0] in: "{{GetIfSockAddrs | includeByIfName \"lo0\" | printf \"%v\"}}\n"
[0] out: "[{[127.0.0.1/8 100:: fe80::1/64] {1 16384 lo0  up|loopback|multicast}}]\n"

