usage: sockaddr [--version] [--help] <command> [<args>]

Available commands are:
    dump            Parses IP addresses
    eval            Evaluates a sockaddr template
    rfc             Test to see if an IP is part of a known RFC
    tech-support    Dumps diagnostic information about a platform's network
    version         Prints the sockaddr version

