1112
1918
2544
2765
2928
3056
3068
3171
3330
4038
4193
4291
4773
5180
5735
6598
6666
6890
