Usage: sockaddr eval [template ...]

  Parse the sockaddr template and evaluates the output.
