Attribute           Value
type                UNIX
string              "/tmp/example"
path                /tmp/example
dial packet args    "unixgram" "/tmp/example"
dial stream args    "unix" "/tmp/example"
listen packet args  "unixgram" "/tmp/example"
listen stream args  "unix" "/tmp/example"
